{
    "_version": "1.1.0",
    "sap.app": {
        "_version": "1.1.0",
        "id": "application.g",
        "type": "application",
        "applicationVersion": {
            "version": "1.0.0"
        },
        "embeds": ["embedded"],
        "title": "{{title}}"
    },
    "customCopyrightString": "Some fancy copyright"
}
