<!DOCTYPE html><html><head>
	<title>Application A</title>
	<script id="sap-ui-bootstrap" src="resources/sap-ui-custom.js">
	</script>
</head>
<body>


</body></html>