{
	"_version": "1.1.0",
	"resources": [
		{
			"name": ".library",
			"size": 404
		},
		{
			"name": "Button.js",
			"module": "library/n/Button.js",
			"size": 1201,
			"required": [
				"library/n/library.js",
				"sap/ui/core/Control.js"
			],
			"condRequired": [
				"sap/ui/core/format/DateFormat.js"
			],
			"dynRequired": true
		},
		{
			"name": "changeHandler/SplitButton.js",
			"module": "library/n/changeHandler/SplitButton.js",
			"size": 540,
			"required": [
				"sap/ui/core/util/reflection/JsControlTreeModifier.js"
			]
		},
		{
			"name": "designtime/Button.create.fragment.xml",
			"module": "library/n/designtime/Button.create.fragment.xml",
			"size": 172,
			"designtime": true,
			"required": [
				"library/n/Button.js"
			]
		},
		{
			"name": "designtime/Button.designtime.js",
			"module": "library/n/designtime/Button.designtime.js",
			"size": 789,
			"designtime": true
		},
		{
			"name": "designtime/Button.icon.svg",
			"size": 1386,
			"designtime": true
		},
		{
			"name": "designtime/library.designtime.js",
			"module": "library/n/designtime/library.designtime.js",
			"size": 86,
			"designtime": true
		},
		{
			"name": "flexibility/Button.flexibility.js",
			"module": "library/n/flexibility/Button.flexibility.js",
			"size": 379,
			"required": [
				"library/n/changeHandler/SplitButton.js",
				"sap/ui/fl/changeHandler/BaseRename.js"
			]
		},
		{
			"name": "library-preload.js",
			"module": "library/n/library-preload.js",
			"size": 2012,
			"merged": true,
			"required": [
				"../changeHandler/SplitButton",
				"./library",
				"sap/m/library",
				"sap/ui/core/Control",
				"sap/ui/core/Core",
				"sap/ui/core/library",
				"sap/ui/core/util/reflection/JsControlTreeModifier",
				"sap/ui/fl/changeHandler/BaseRename"
			],
			"included": [
				"library/n/Button.js",
				"library/n/changeHandler/SplitButton.js",
				"library/n/flexibility/Button.flexibility.js",
				"library/n/library.js"
			]
		},
		{
			"name": "library.js",
			"module": "library/n/library.js",
			"size": 681,
			"required": [
				"sap/m/library.js",
				"sap/ui/core/Core.js",
				"sap/ui/core/library.js"
			]
		},
		{
			"name": "library.support.js",
			"module": "library/n/library.support.js",
			"size": 256,
			"support": true,
			"required": [
				"library/n/rules/Button.support.js",
				"sap/ui/support/library.js"
			]
		},
		{
			"name": "messagebundle.properties",
			"module": "library/n/messagebundle.properties",
			"size": 13,
			"locale": "",
			"raw": "messagebundle.properties"
		},
		{
			"name": "messagebundle_de.properties",
			"module": "library/n/messagebundle_de.properties",
			"size": 20,
			"locale": "de",
			"raw": "messagebundle.properties"
		},
		{
			"name": "resources.json",
			"size": 2923
		},
		{
			"name": "rules/Button.support.js",
			"module": "library/n/rules/Button.support.js",
			"size": 50,
			"format": "raw",
			"support": true
		}
	]
}