{
	"_version": "1.1.0",
	"resources": [
		{
			"name": "Component-preload.js",
			"module": "library/h/components/subcomponent2/Component-preload.js",
			"merged": true,
			"included": [
				"library/h/components/subcomponent2/Component.js"
			]
		},
		{
			"name": "Component.js",
			"module": "library/h/components/subcomponent2/Component.js",
			"required": [
				"sap/ui/core/UIComponent.js"
			]
		}
	]
}