{
    "_version": "1.1.0",
    "sap.app": {
        "_version": "1.1.0",
        "id": "id1.embedded",
        "type": "component",
        "applicationVersion": {
            "version": "1.2.2"
        },
        "embeddedBy": "../",
        "title": "{{title}}"
    }
}