{
	"_version": "1.1.0",
	"resources": [
		{
			"name": "Component-preload.js",
			"module": "library/h/components/Component-preload.js",
			"merged": true,
			"size": 361,
			"included": [
				"library/h/components/Component.js",
				"library/h/components/TodoComponent.js"
			]
		},
		{
			"name": "Component.js",
			"module": "library/h/components/Component.js",
			"size": 146,
			"required": [
				"sap/ui/core/UIComponent.js"
			]
		},
		{
			"name": "TodoComponent.js",
			"module": "library/h/components/TodoComponent.js",
			"size": 47
		},
		{
			"name": "subcomponent1/Component-preload.js",
			"module": "library/h/components/subcomponent1/Component-preload.js",
			"merged": true,
			"size": 279,
			"included": [
				"library/h/components/subcomponent1/Component.js"
			]
		},
		{
			"name": "subcomponent1/Component.js",
			"module": "library/h/components/subcomponent1/Component.js",
			"size": 146,
			"required": [
				"sap/ui/core/UIComponent.js"
			]
		},
		{
			"name": "subcomponent2/Component-preload.js",
			"module": "library/h/components/subcomponent2/Component-preload.js",
			"merged": true,
			"size": 279,
			"included": [
				"library/h/components/subcomponent2/Component.js"
			]
		},
		{
			"name": "subcomponent2/Component.js",
			"module": "library/h/components/subcomponent2/Component.js",
			"size": 146,
			"required": [
				"sap/ui/core/UIComponent.js"
			]
		},
		{
			"name": "subcomponent3/Component-preload.js",
			"module": "library/h/components/subcomponent3/Component-preload.js",
			"merged": true,
			"size": 279,
			"included": [
				"library/h/components/subcomponent3/Component.js"
			]
		},
		{
			"name": "subcomponent3/Component.js",
			"module": "library/h/components/subcomponent3/Component.js",
			"size": 146,
			"required": [
				"sap/ui/core/UIComponent.js"
			]
		}
	]
}