{
	"_version": "1.1.0",
	"resources": [
		{
			"name": ".library",
			"size": 1374
		},
		{
			"name": "library.js",
			"module": "library/i/library.js",
			"size": 597,
			"required": [
				"sap/ui/core/Core.js"
			]
		},
		{
			"name": "manifest.json",
			"size": 1740
		}
	]
}