{
	"_version": "1.1.0",
	"resources": [
		{
			"name": "Component-preload.js",
			"module": "application/i/Component-preload.js",
			"size": 1590,
			"merged": true,
			"included": [
				"application/i/Component.js",
				"application/i/changes/changes-bundle.json",
				"application/i/changes/coding/MyExtension.js",
				"application/i/changes/fragments/MyFragment.fragment.xml",
				"application/i/manifest.json"
			]
		},
		{
			"name": "Component.js",
			"module": "application/i/Component.js",
			"size": 141,
			"required": [
				"sap/m/library.js",
				"sap/ui/core/UIComponent.js",
				"sap/ui/core/library.js",
				"sap/ui/fl/library.js",
				"sap/ui/layout/library.js"
			]
		},
		{
			"name": "changes/changes-bundle.json",
			"module": "application/i/changes/changes-bundle.json",
			"size": 749
		},
		{
			"name": "changes/coding/MyExtension.js",
			"module": "application/i/changes/coding/MyExtension.js",
			"size": 39
		},
		{
			"name": "changes/fragments/MyFragment.fragment.xml",
			"module": "application/i/changes/fragments/MyFragment.fragment.xml",
			"size": 13
		},
		{
			"name": "changes/id_123_addField.change",
			"size": 430
		},
		{
			"name": "changes/id_456_addField.change",
			"size": 430
		},
		{
			"name": "manifest.json",
			"module": "application/i/manifest.json",
			"size": 369
		},
		{
			"name": "resources.json",
			"size": 1381
		}
	]
}