{
  "_version": "1.9.0",
  "sap.app": {
    "id": "library.a",
    "type": "library",
    "embeds": [],
    "applicationVersion": {
      "version": "1.0.0"
    },
    "title": "Library A",
    "description": "Library A",
    "resources": "resources.json",
    "offline": true
  },
  "sap.ui": {
    "technology": "UI5",
    "supportedThemes": [
      "base"
    ]
  },
  "sap.ui5": {
    "dependencies": {
      "minUI5Version": "1.0",
      "libs": {
        "library.d": {
          "minVersion": "1.0.0"
        }
      }
    },
    "library": {
      "i18n": false
    }
  }
}