{
	"_version": "1.1.0",
	"resources": [
		{
			"name": ".library",
			"size": 393
		},
		{
			"name": "manifest.json",
			"module": "library/a/manifest.json",
			"size": 581
		},
		{
			"name": "resources.json",
			"size": 671
		},
		{
			"name": "themes/base/library-RTL.css",
			"size": 203,
			"theme": "base"
		},
		{
			"name": "themes/base/library-parameters.json",
			"module": "library/a/themes/base/library-parameters.json",
			"size": 28,
			"theme": "base"
		},
		{
			"name": "themes/base/library.css",
			"size": 203,
			"theme": "base"
		},
		{
			"name": "themes/base/library.source.less",
			"size": 111,
			"designtime": true,
			"theme": "base"
		}
	]
}