{
	"_version": "1.1.0",
	"resources": [
		{
			"name": "Component-dbg.js",
			"module": "library/h/components/Component.js",
			"size": 146,
			"isDebug": true,
			"required": [
				"sap/ui/core/UIComponent.js"
			]
		},
		{
			"name": "Component-preload.js",
			"module": "library/h/components/Component-preload.js",
			"size": 409,
			"merged": true,
			"required": [
				"sap/ui/core/UIComponent.js"
			],
			"included": [
				"library/h/components/Component.js",
				"library/h/components/TodoComponent.js"
			]
		},
		{
			"name": "Component-preload.js.map",
			"size": 713,
			"isDebug": true
		},
		{
			"name": "Component.js",
			"module": "library/h/components/Component.js",
			"size": 153,
			"required": [
				"sap/ui/core/UIComponent.js"
			]
		},
		{
			"name": "Component.js.map",
			"size": 219,
			"isDebug": true
		},
		{
			"name": "TodoComponent-dbg.js",
			"module": "library/h/components/TodoComponent.js",
			"size": 55,
			"format": "raw",
			"isDebug": true
		},
		{
			"name": "TodoComponent.js",
			"module": "library/h/components/TodoComponent.js",
			"size": 96,
			"format": "raw"
		},
		{
			"name": "TodoComponent.js.map",
			"size": 133,
			"isDebug": true
		},
		{
			"name": "resources.json",
			"size": 3883
		},
		{
			"name": "subcomponent1/Component-dbg.js",
			"module": "library/h/components/subcomponent1/Component.js",
			"size": 146,
			"isDebug": true,
			"required": [
				"sap/ui/core/UIComponent.js"
			]
		},
		{
			"name": "subcomponent1/Component-preload.js",
			"module": "library/h/components/subcomponent1/Component-preload.js",
			"size": 326,
			"merged": true,
			"required": [
				"sap/ui/core/UIComponent.js"
			],
			"included": [
				"library/h/components/subcomponent1/Component.js"
			]
		},
		{
			"name": "subcomponent1/Component-preload.js.map",
			"size": 520,
			"isDebug": true
		},
		{
			"name": "subcomponent1/Component.js",
			"module": "library/h/components/subcomponent1/Component.js",
			"size": 153,
			"required": [
				"sap/ui/core/UIComponent.js"
			]
		},
		{
			"name": "subcomponent1/Component.js.map",
			"size": 219,
			"isDebug": true
		},
		{
			"name": "subcomponent2/Component-dbg.js",
			"module": "library/h/components/subcomponent2/Component.js",
			"size": 146,
			"isDebug": true,
			"required": [
				"sap/ui/core/UIComponent.js"
			]
		},
		{
			"name": "subcomponent2/Component-preload.js",
			"module": "library/h/components/subcomponent2/Component-preload.js",
			"size": 326,
			"merged": true,
			"required": [
				"sap/ui/core/UIComponent.js"
			],
			"included": [
				"library/h/components/subcomponent2/Component.js"
			]
		},
		{
			"name": "subcomponent2/Component-preload.js.map",
			"size": 520,
			"isDebug": true
		},
		{
			"name": "subcomponent2/Component.js",
			"module": "library/h/components/subcomponent2/Component.js",
			"size": 153,
			"required": [
				"sap/ui/core/UIComponent.js"
			]
		},
		{
			"name": "subcomponent2/Component.js.map",
			"size": 219,
			"isDebug": true
		},
		{
			"name": "subcomponent3/Component-dbg.js",
			"module": "library/h/components/subcomponent3/Component.js",
			"size": 146,
			"isDebug": true,
			"required": [
				"sap/ui/core/UIComponent.js"
			]
		},
		{
			"name": "subcomponent3/Component-preload.js",
			"module": "library/h/components/subcomponent3/Component-preload.js",
			"size": 326,
			"merged": true,
			"required": [
				"sap/ui/core/UIComponent.js"
			],
			"included": [
				"library/h/components/subcomponent3/Component.js"
			]
		},
		{
			"name": "subcomponent3/Component-preload.js.map",
			"size": 520,
			"isDebug": true
		},
		{
			"name": "subcomponent3/Component.js",
			"module": "library/h/components/subcomponent3/Component.js",
			"size": 153,
			"required": [
				"sap/ui/core/UIComponent.js"
			]
		},
		{
			"name": "subcomponent3/Component.js.map",
			"size": 219,
			"isDebug": true
		}
	]
}