{
	"_version": "1.1.0",
	"resources": [
		{
			"name": ".library",
			"size": 278
		},
		{
			"name": "manifest.json",
			"size": 491
		},
		{
			"name": "some-dbg.js",
			"module": "library/d/some.js",
			"isDebug": true,
			"size": 134
		},
		{
			"name": "some.js",
			"module": "library/d/some.js",
			"size": 134
		}
	]
}