{
  "_version": "1.9.0",
  "sap.app": {
    "id": "library.d",
    "type": "library",
    "embeds": [],
    "applicationVersion": {
      "version": "1.0.0"
    },
    "title": "Library E",
    "description": "Library E",
    "resources": "resources.json",
    "offline": true
  },
  "sap.ui": {
    "technology": "UI5",
    "supportedThemes": []
  },
  "sap.ui5": {
    "dependencies": {
      "minUI5Version": "1.0",
      "libs": {}
    },
    "library": {
      "i18n": false
    }
  }
}