{
	"_version": "1.1.0",
	"resources": [
		{
			"name": ".library",
			"size": 270
		},
		{
			"name": "library-dbg.js",
			"module": "library/e/library.js",
			"isDebug": true,
			"size": 51,
			"format": "raw"
		},
		{
			"name": "library.js",
			"module": "library/e/library.js",
			"size": 51,
			"format": "raw"
		},
		{
			"name": "manifest.json",
			"size": 443
		},
		{
			"name": "some-dbg.js",
			"module": "library/e/some.js",
			"isDebug": true,
			"size": 50,
			"format": "raw"
		},
		{
			"name": "some.js",
			"module": "library/e/some.js",
			"size": 50,
			"format": "raw"
		}
	]
}