{
	"_version": "1.1.0",
	"resources": [
		{
			"name": "Component-preload.js",
			"module": "library/h/components/subcomponent1/Component-preload.js",
			"size": 279,
			"merged": true,
			"included": [
				"library/h/components/subcomponent1/Component.js"
			]
		},
		{
			"name": "Component.js",
			"module": "library/h/components/subcomponent1/Component.js",
			"size": 115,
			"required": [
				"sap/ui/core/UIComponent.js"
			]
		},
		{
			"name": "resources.json",
			"size": 494
		}
	]
}