{
  "_version": "1.9.0",
  "sap.app": {
    "id": "library.k",
    "type": "library",
    "embeds": [],
    "i18n": "messagebundle.properties",
    "applicationVersion": {
      "version": "1.0.0"
    },
    "title": "{{title}}",
    "description": "{{description}}",
    "ach": "NOT-ME",
    "resources": "resources.json",
    "offline": false
  },
  "sap.ui": {
    "technology": "UI5",
    "deviceTypes": {
      "desktop": true,
      "tablet": true,
      "phone": true
    },
    "supportedThemes": []
  },
  "sap.ui5": {
    "dependencies": {
      "minUI5Version": "1.0",
      "libs": {
        "sap.ui.core": {
          "minVersion": "1.0.0"
        }
      }
    },
    "contentDensities": {
      "cozy": true,
      "compact": false
    },
    "library": {
      "i18n": true,
      "content": {
        "controls": [
          "library.k.AnyControl"
        ],
        "elements": [
          "library.k.AnyElement"
        ],
        "types": [
          "library.k.AnyType"
        ],
        "interfaces": [
          "library.k.IAny"
        ]
      }
    }
  }
}
