{
  "_version": "1.21.0",
  "sap.app": {
    "id": "library.k",
    "type": "library",
    "embeds": [],
    "applicationVersion": {
      "version": "1.0.0"
    },
    "title": "{{title}}",
    "description": "{{description}}",
    "resources": "resources.json",
    "offline": true
  },
  "sap.ui": {
    "technology": "UI5",
    "supportedThemes": []
  },
  "sap.ui5": {
    "dependencies": {
      "minUI5Version": "1.0",
      "libs": {}
    },
    "library": {
      "i18n": {
        "bundleUrl": "messagebundle.properties",
        "supportedLocales": [
          "",
          "de",
          "en"
        ]
      },
      "content": {
        "controls": [
          "library.k.AnyControl"
        ],
        "elements": [
          "library.k.AnyElement"
        ],
        "types": [
          "library.k.AnyType"
        ],
        "interfaces": [
          "library.k.IAny"
        ]
      }
    }
  }
}