<!DOCTYPE html>
<html>
<head>
	<meta charset="utf-8">
	<meta name="viewport" content="width=device-width, initial-scale=1.0">
	<title>Application M</title>

	<script id="sap-ui-bootstrap"
		src="resources/sap-ui-core.js"
		data-sap-ui-xx-waitForTheme="true"
		data-sap-ui-theme="sap_horizon"
		data-sap-ui-resourceRoots='{
			"application.m": "./"
		}'
		data-sap-ui-onInit="module:sap/ui/core/ComponentSupport"
		data-sap-ui-compatVersion="edge"
		data-sap-ui-async="true">
	</script>
</head>

<body class="sapUiBody">
	<div data-sap-ui-component data-name="application.m" data-id="container" data-settings='{"id" : "m"}'></div>
</body>
</html>
