{"changes":[{"fileName":"id_456_addField","fileType":"change","changeType":"hideControl","component":"application.j.Component","content":{},"selector":{"id":"control1"},"layer":"VENDOR","texts":{},"namespace":"apps/application.j.Component/changes","creation":"2023-10-30T13:52:40.4754350Z","originalLanguage":"","conditions":{},"support":{"generator":"did it","user":"SAP"}},{"fileName":"id_123_addField","fileType":"change","changeType":"hideControl","component":"application.j.Component","content":{},"selector":{"id":"control1"},"layer":"CUSTOMER","texts":{},"namespace":"apps/application.j.Component/changes","creation":"2025-10-30T13:52:40.4754350Z","originalLanguage":"","conditions":{},"support":{"generator":"did it","user":"Max Mustermann"}}],"compVariants":[{"fileName":"id_111_compVariants","fileType":"variant","changeType":"hideControl","component":"application.j.Component","content":{},"selector":{"id":"control1"},"layer":"VENDOR","texts":{},"namespace":"apps/application.j.Component/changes","creation":"2025-10-30T13:52:40.4754350Z","originalLanguage":"","conditions":{},"support":{"generator":"did it","user":"SAP"},"appDescriptorChange":false}],"variants":[{"fileName":"id_111_test","fileType":"ctrl_variant","changeType":"hideControl","component":"application.j.Component","content":{},"selector":{"id":"control1"},"layer":"VENDOR","texts":{},"namespace":"apps/application.j.Component/changes","creation":"2025-10-30T13:52:40.4754350Z","originalLanguage":"","conditions":{},"support":{"generator":"did it","user":"SAP"}}],"variantChanges":[{"fileName":"id_111_test","fileType":"ctrl_variant_change","changeType":"hideControl","component":"application.j.Component","content":{},"selector":{"id":"control1"},"layer":"VENDOR","texts":{},"namespace":"apps/application.j.Component/changes","creation":"2025-10-30T13:52:40.4754350Z","originalLanguage":"","conditions":{},"support":{"generator":"did it","user":"SAP"}}],"variantDependentControlChanges":[{"fileName":"id_111_variantDependentControlChange","fileType":"change","changeType":"hideControl","component":"application.j.Component","content":{},"selector":{"id":"control1"},"layer":"VENDOR","texts":{},"namespace":"apps/application.j.Component/changes","creation":"2025-10-30T13:52:40.4754350Z","originalLanguage":"","conditions":{},"support":{"generator":"did it","user":"SAP"},"variantReference":"someting here"}],"variantManagementChanges":[{"fileName":"id_111_test","fileType":"ctrl_variant_management_change","changeType":"hideControl","component":"application.j.Component","content":{},"selector":{"id":"control1"},"layer":"VENDOR","texts":{},"namespace":"apps/application.j.Component/changes","creation":"2025-10-30T13:52:40.4754350Z","originalLanguage":"","conditions":{},"support":{"generator":"did it","user":"SAP"}}]}