{
  "_version": "1.9.0",
  "sap.app": {
    "id": "library.n",
    "type": "library",
    "embeds": [],
    "applicationVersion": {
      "version": "1.0.0"
    },
    "title": "Library N",
    "description": "Library N",
    "resources": "resources.json",
    "offline": true
  },
  "sap.ui": {
    "technology": "UI5",
    "supportedThemes": []
  },
  "sap.ui5": {
    "dependencies": {
      "minUI5Version": "1.0",
      "libs": {
        "sap.ui.core": {
          "minVersion": "1.0.0"
        }
      }
    },
    "library": {
      "i18n": "messagebundle.properties",
      "content": {
        "controls": [],
        "elements": [],
        "types": [],
        "interfaces": []
      }
    }
  }
}