<core:FragmentDefinition
		xmlns="library.n"
		xmlns:m="sap.m"
		xmlns:core="sap.ui.core">
	<Button>
		<icon>
			<m:Image />
		</icon>
	</Button>
</core:FragmentDefinition>