{
	"name": "application.j",
	"version": "1.0.0",
	"buildTimestamp": "202008120917",
	"scmRevision": "",
	"libraries": []
}