{
	"_version": "1.1.0",
	"resources": [
		{
			"name": "Component-dbg.js",
			"module": "application/j/Component.js",
			"size": 184,
			"isDebug": true,
			"required": [
				"sap/m/library.js",
				"sap/ui/core/UIComponent.js",
				"sap/ui/core/library.js",
				"sap/ui/fl/library.js",
				"sap/ui/layout/library.js"
			]
		},
		{
			"name": "Component-preload.js",
			"module": "application/j/Component-preload.js",
			"size": 3688,
			"merged": true,
			"required": [
				"sap/m/library.js",
				"sap/ui/core/UIComponent.js",
				"sap/ui/core/library.js",
				"sap/ui/fl/library.js",
				"sap/ui/layout/library.js"
			],
			"included": [
				"application/j/Component.js",
				"application/j/changes/coding/MyExtension.js",
				"application/j/changes/flexibility-bundle.json",
				"application/j/changes/fragments/MyFragment.fragment.xml",
				"application/j/manifest.json"
			]
		},
		{
			"name": "Component-preload.js.map",
			"size": 791,
			"isDebug": true
		},
		{
			"name": "Component.js",
			"module": "application/j/Component.js",
			"size": 179,
			"required": [
				"sap/m/library.js",
				"sap/ui/core/UIComponent.js",
				"sap/ui/core/library.js",
				"sap/ui/fl/library.js",
				"sap/ui/layout/library.js"
			]
		},
		{
			"name": "Component.js.map",
			"size": 258,
			"isDebug": true
		},
		{
			"name": "changes/coding/MyExtension-dbg.js",
			"module": "application/j/changes/coding/MyExtension.js",
			"size": 47,
			"isDebug": true
		},
		{
			"name": "changes/coding/MyExtension.js",
			"module": "application/j/changes/coding/MyExtension.js",
			"size": 79
		},
		{
			"name": "changes/coding/MyExtension.js.map",
			"size": 162,
			"isDebug": true
		},
		{
			"name": "changes/flexibility-bundle.json",
			"module": "application/j/changes/flexibility-bundle.json",
			"size": 2800
		},
		{
			"name": "changes/fragments/MyFragment.fragment.xml",
			"module": "application/j/changes/fragments/MyFragment.fragment.xml",
			"size": 13
		},
		{
			"name": "fileWithoutExtension",
			"size": 27
		},
		{
			"name": "manifest.json",
			"module": "application/j/manifest.json",
			"size": 424
		},
		{
			"name": "resources.json",
			"size": 2173
		}
	]
}