{
	"_version": "1.1.0",
	"resources": [
		{
			"name": "Component-dbg.js",
			"module": "application/g/Component.js",
			"size": 183,
			"isDebug": true,
			"required": [
				"sap/ui/core/UIComponent.js"
			]
		},
		{
			"name": "Component-preload.js",
			"module": "application/g/Component-preload.js",
			"size": 564,
			"merged": true,
			"included": [
				"application/g/Component.js",
				"application/g/manifest.json"
			]
		},
		{
			"name": "Component.js",
			"module": "application/g/Component.js",
			"size": 141,
			"required": [
				"sap/ui/core/UIComponent.js"
			]
		},
		{
			"name": "manifest.json",
			"module": "application/g/manifest.json",
			"size": 331
		},
		{
			"name": "resources.json",
			"size": 2297
		},
		{
			"name": "subcomponentA/Component-dbg.js",
			"module": "application/g/subcomponentA/Component.js",
			"size": 197,
			"isDebug": true,
			"required": [
				"sap/ui/core/UIComponent.js"
			]
		},
		{
			"name": "subcomponentA/Component-preload.js",
			"module": "application/g/subcomponentA/Component-preload.js",
			"size": 587,
			"merged": true,
			"included": [
				"application/g/subcomponentA/Component.js",
				"application/g/subcomponentA/manifest.json"
			]
		},
		{
			"name": "subcomponentA/Component.js",
			"module": "application/g/subcomponentA/Component.js",
			"size": 155,
			"required": [
				"sap/ui/core/UIComponent.js"
			]
		},
		{
			"name": "subcomponentA/manifest.json",
			"module": "application/g/subcomponentA/manifest.json",
			"size": 291
		},
		{
			"name": "subcomponentB/Component-dbg.js",
			"module": "application/g/subcomponentB/Component.js",
			"size": 197,
			"isDebug": true,
			"required": [
				"sap/ui/core/UIComponent.js"
			]
		},
		{
			"name": "subcomponentB/Component-preload.js",
			"module": "application/g/subcomponentB/Component-preload.js",
			"size": 587,
			"merged": true,
			"included": [
				"application/g/subcomponentB/Component.js",
				"application/g/subcomponentB/manifest.json"
			]
		},
		{
			"name": "subcomponentB/Component.js",
			"module": "application/g/subcomponentB/Component.js",
			"size": 155,
			"required": [
				"sap/ui/core/UIComponent.js"
			]
		},
		{
			"name": "subcomponentB/manifest.json",
			"module": "application/g/subcomponentB/manifest.json",
			"size": 291
		}
	]
}