{
  "subcomponentA/Component-dbg.js": 1657901214883,
  "subcomponentA/manifest.json": 1657901214883,
  "manifest.json": 1657901214883,
  "subcomponentB/Component.js": 1657901214883,
  "subcomponentA/Component.js": 1657901214883,
  "Component.js": 1657901214883,
  "subcomponentB/manifest.json": 1657901214883,
  "subcomponentA/Component.js.map": 1658915303066,
  "subcomponentB/Component-dbg.js": 1657901214883,
  "subcomponentB/Component.js.map": 1658915303066,
  "Component-dbg.js": 1657901214883,
  "Component.js.map": 1658915303066,
  "Component-preload.js": 1658915303178,
  "Component-preload.js.map": 1658915303179
}