{
  "_version": "1.21.0",
  "sap.app": {
    "id": "library.h",
    "type": "library",
    "embeds": [],
    "applicationVersion": {
      "version": "1.0.0"
    },
    "title": "Library H",
    "description": "Library H",
    "resources": "resources.json",
    "offline": true
  },
  "sap.ui": {
    "technology": "UI5",
    "supportedThemes": []
  },
  "sap.ui5": {
    "dependencies": {
      "minUI5Version": "1.0",
      "libs": {}
    },
    "library": {
      "i18n": false,
      "content": {
        "controls": [],
        "elements": [],
        "types": [],
        "interfaces": []
      }
    }
  }
}