{
	"_version": "1.1.0",
	"resources": [
		{
			"name": ".library",
			"size": 473
		},
		{
			"name": "components/Component-dbg.js",
			"module": "library/h/components/Component.js",
			"size": 146,
			"isDebug": true,
			"required": [
				"sap/ui/core/UIComponent.js"
			]
		},
		{
			"name": "components/Component-preload.js",
			"module": "library/h/components/Component-preload.js",
			"size": 409,
			"merged": true,
			"required": [
				"sap/ui/core/UIComponent.js"
			],
			"included": [
				"library/h/components/Component.js",
				"library/h/components/TodoComponent.js"
			]
		},
		{
			"name": "components/Component-preload.js.map",
			"size": 713,
			"isDebug": true
		},
		{
			"name": "components/Component.js",
			"module": "library/h/components/Component.js",
			"size": 153,
			"required": [
				"sap/ui/core/UIComponent.js"
			]
		},
		{
			"name": "components/Component.js.map",
			"size": 219,
			"isDebug": true
		},
		{
			"name": "components/TodoComponent-dbg.js",
			"module": "library/h/components/TodoComponent.js",
			"size": 55,
			"format": "raw",
			"isDebug": true
		},
		{
			"name": "components/TodoComponent.js",
			"module": "library/h/components/TodoComponent.js",
			"size": 96,
			"format": "raw"
		},
		{
			"name": "components/TodoComponent.js.map",
			"size": 133,
			"isDebug": true
		},
		{
			"name": "components/subcomponent1/Component-dbg.js",
			"module": "library/h/components/subcomponent1/Component.js",
			"size": 146,
			"isDebug": true,
			"required": [
				"sap/ui/core/UIComponent.js"
			]
		},
		{
			"name": "components/subcomponent1/Component-preload.js",
			"module": "library/h/components/subcomponent1/Component-preload.js",
			"size": 326,
			"merged": true,
			"required": [
				"sap/ui/core/UIComponent.js"
			],
			"included": [
				"library/h/components/subcomponent1/Component.js"
			]
		},
		{
			"name": "components/subcomponent1/Component-preload.js.map",
			"size": 520,
			"isDebug": true
		},
		{
			"name": "components/subcomponent1/Component.js",
			"module": "library/h/components/subcomponent1/Component.js",
			"size": 153,
			"required": [
				"sap/ui/core/UIComponent.js"
			]
		},
		{
			"name": "components/subcomponent1/Component.js.map",
			"size": 219,
			"isDebug": true
		},
		{
			"name": "components/subcomponent2/Component-dbg.js",
			"module": "library/h/components/subcomponent2/Component.js",
			"size": 146,
			"isDebug": true,
			"required": [
				"sap/ui/core/UIComponent.js"
			]
		},
		{
			"name": "components/subcomponent2/Component-preload.js",
			"module": "library/h/components/subcomponent2/Component-preload.js",
			"size": 326,
			"merged": true,
			"required": [
				"sap/ui/core/UIComponent.js"
			],
			"included": [
				"library/h/components/subcomponent2/Component.js"
			]
		},
		{
			"name": "components/subcomponent2/Component-preload.js.map",
			"size": 520,
			"isDebug": true
		},
		{
			"name": "components/subcomponent2/Component.js",
			"module": "library/h/components/subcomponent2/Component.js",
			"size": 153,
			"required": [
				"sap/ui/core/UIComponent.js"
			]
		},
		{
			"name": "components/subcomponent2/Component.js.map",
			"size": 219,
			"isDebug": true
		},
		{
			"name": "components/subcomponent3/Component-dbg.js",
			"module": "library/h/components/subcomponent3/Component.js",
			"size": 146,
			"isDebug": true,
			"required": [
				"sap/ui/core/UIComponent.js"
			]
		},
		{
			"name": "components/subcomponent3/Component-preload.js",
			"module": "library/h/components/subcomponent3/Component-preload.js",
			"size": 326,
			"merged": true,
			"required": [
				"sap/ui/core/UIComponent.js"
			],
			"included": [
				"library/h/components/subcomponent3/Component.js"
			]
		},
		{
			"name": "components/subcomponent3/Component-preload.js.map",
			"size": 520,
			"isDebug": true
		},
		{
			"name": "components/subcomponent3/Component.js",
			"module": "library/h/components/subcomponent3/Component.js",
			"size": 153,
			"required": [
				"sap/ui/core/UIComponent.js"
			]
		},
		{
			"name": "components/subcomponent3/Component.js.map",
			"size": 219,
			"isDebug": true
		},
		{
			"name": "customBundle-dbg.js",
			"module": "library/h/customBundle.js",
			"size": 548,
			"isDebug": true,
			"merged": true,
			"included": [
				"library/h/file.js",
				"library/h/library.js",
				"library/h/some.js",
				"library/h/other.js",
				"library/h/not.js"
			]
		},
		{
			"name": "customBundle-dbg.js.map",
			"size": 784,
			"isDebug": true
		},
		{
			"name": "customBundle.js",
			"module": "library/h/customBundle.js",
			"size": 540,
			"merged": true,
			"included": [
				"library/h/file.js",
				"library/h/library.js",
				"library/h/some.js",
				"library/h/other.js",
				"library/h/not.js"
			]
		},
		{
			"name": "customBundle.js.map",
			"size": 942,
			"isDebug": true
		},
		{
			"name": "designtime/library-dbg.designtime.js",
			"module": "library/h/designtime/library.designtime.js",
			"size": 142,
			"requiresTopLevelScope": true,
			"exposedGlobalNames": [
				"myexport"
			],
			"format": "raw",
			"isDebug": true,
			"designtime": true
		},
		{
			"name": "designtime/library.designtime.js",
			"module": "library/h/designtime/library.designtime.js",
			"size": 133,
			"requiresTopLevelScope": true,
			"exposedGlobalNames": [
				"myexport"
			],
			"format": "raw",
			"designtime": true
		},
		{
			"name": "designtime/library.designtime.js.map",
			"size": 172,
			"isDebug": true,
			"designtime": true
		},
		{
			"name": "file-dbg.js",
			"module": "library/h/file.js",
			"size": 55,
			"format": "raw",
			"isDebug": true
		},
		{
			"name": "file.js",
			"module": "library/h/file.js",
			"size": 87,
			"format": "raw"
		},
		{
			"name": "file.js.map",
			"size": 115,
			"isDebug": true
		},
		{
			"name": "i18n/messagebundle.properties",
			"module": "library/h/i18n/messagebundle.properties",
			"size": 3,
			"locale": "",
			"raw": "i18n/messagebundle.properties"
		},
		{
			"name": "i18n/messagebundle_en.properties",
			"module": "library/h/i18n/messagebundle_en.properties",
			"size": 3,
			"locale": "en",
			"raw": "i18n/messagebundle.properties"
		},
		{
			"name": "library-dbg.js",
			"module": "library/h/library.js",
			"size": 58,
			"format": "raw",
			"isDebug": true
		},
		{
			"name": "library.js",
			"module": "library/h/library.js",
			"size": 93,
			"format": "raw"
		},
		{
			"name": "library.js.map",
			"size": 121,
			"isDebug": true
		},
		{
			"name": "manifest.json",
			"module": "library/h/manifest.json",
			"size": 614
		},
		{
			"name": "not-dbg.js",
			"module": "library/h/not.js",
			"size": 64,
			"format": "raw",
			"isDebug": true
		},
		{
			"name": "not.js",
			"module": "library/h/not.js",
			"size": 95,
			"format": "raw"
		},
		{
			"name": "not.js.map",
			"size": 113,
			"isDebug": true
		},
		{
			"name": "resources.json",
			"size": 7327
		},
		{
			"name": "some-dbg.js",
			"module": "library/h/some.js",
			"size": 100,
			"format": "raw",
			"isDebug": true,
			"merged": true,
			"included": [
				"library/h/other.js"
			]
		},
		{
			"name": "some.js",
			"module": "library/h/some.js",
			"size": 132,
			"format": "raw",
			"merged": true,
			"included": [
				"library/h/other.js"
			]
		},
		{
			"name": "some.js.map",
			"size": 116,
			"isDebug": true
		}
	]
}