{
	"_version": "1.1.0",
	"resources": [
		{
			"name": ".library",
			"size": 564
		},
		{
			"name": "Button-dbg.js",
			"module": "library/n/Button.js",
			"size": 727,
			"isDebug": true,
			"required": [
				"mylib/MyFirstClass.js"
			],
			"condRequired": [
				"library/n/changeHandler/SplitButton.js",
				"mylib/MyClass.js"
			],
			"dynRequired": true
		},
		{
			"name": "Button.js",
			"module": "library/n/Button.js",
			"size": 469,
			"required": [
				"mylib/MyFirstClass.js"
			],
			"condRequired": [
				"library/n/changeHandler/SplitButton.js",
				"mylib/MyClass.js"
			],
			"dynRequired": true
		},
		{
			"name": "changeHandler/SplitButton-dbg.js",
			"module": "library/n/changeHandler/SplitButton.js",
			"size": 383,
			"isDebug": true,
			"required": [
				"mylib/util/myUtil.js"
			]
		},
		{
			"name": "changeHandler/SplitButton.js",
			"module": "library/n/changeHandler/SplitButton.js",
			"size": 298,
			"required": [
				"mylib/util/myUtil.js"
			]
		},
		{
			"name": "designtime/Button-dbg.designtime.js",
			"module": "library/n/designtime/Button.designtime.js",
			"size": 740,
			"isDebug": true,
			"designtime": true
		},
		{
			"name": "designtime/Button.create.fragment.xml",
			"module": "library/n/designtime/Button.create.fragment.xml",
			"size": 172,
			"designtime": true,
			"required": [
				"library/n/Button.js"
			]
		},
		{
			"name": "designtime/Button.designtime.js",
			"module": "library/n/designtime/Button.designtime.js",
			"size": 520,
			"designtime": true
		},
		{
			"name": "designtime/Button.icon.svg",
			"size": 52,
			"designtime": true
		},
		{
			"name": "designtime/library-dbg.designtime.js",
			"module": "library/n/designtime/library.designtime.js",
			"size": 247,
			"isDebug": true,
			"designtime": true
		},
		{
			"name": "designtime/library.designtime.js",
			"module": "library/n/designtime/library.designtime.js",
			"size": 237,
			"designtime": true
		},
		{
			"name": "flexibility/Button.flexibility-dbg.js",
			"module": "library/n/flexibility/Button.flexibility.js",
			"size": 456,
			"isDebug": true,
			"required": [
				"library/n/changeHandler/SplitButton.js",
				"mylib/MyRename.js"
			]
		},
		{
			"name": "flexibility/Button.flexibility.js",
			"module": "library/n/flexibility/Button.flexibility.js",
			"size": 365,
			"required": [
				"library/n/changeHandler/SplitButton.js",
				"mylib/MyRename.js"
			]
		},
		{
			"name": "library-dbg.js",
			"module": "library/n/library.js",
			"size": 399,
			"isDebug": true,
			"required": [
				"mob/library.js",
				"mylib/Core.js",
				"mylib/library.js"
			]
		},
		{
			"name": "library-dbg.support.js",
			"module": "library/n/library.support.js",
			"size": 416,
			"isDebug": true,
			"support": true,
			"required": [
				"library/n/rules/Button.support.js",
				"mylib/support/library.js"
			]
		},
		{
			"name": "library.js",
			"module": "library/n/library.js",
			"size": 313,
			"required": [
				"mob/library.js",
				"mylib/Core.js",
				"mylib/library.js"
			]
		},
		{
			"name": "library.support.js",
			"module": "library/n/library.support.js",
			"size": 337,
			"support": true,
			"required": [
				"library/n/rules/Button.support.js",
				"mylib/support/library.js"
			]
		},
		{
			"name": "manifest.json",
			"module": "library/n/manifest.json",
			"size": 708
		},
		{
			"name": "messagebundle.properties",
			"module": "library/n/messagebundle.properties",
			"size": 13,
			"locale": "",
			"raw": "messagebundle.properties"
		},
		{
			"name": "messagebundle_de.properties",
			"module": "library/n/messagebundle_de.properties",
			"size": 20,
			"locale": "de",
			"raw": "messagebundle.properties"
		},
		{
			"name": "resources.json",
			"size": 4071
		},
		{
			"name": "rules/Button-dbg.support.js",
			"module": "library/n/rules/Button.support.js",
			"size": 211,
			"format": "raw",
			"isDebug": true,
			"support": true
		},
		{
			"name": "rules/Button.support.js",
			"module": "library/n/rules/Button.support.js",
			"size": 211,
			"format": "raw",
			"support": true
		}
	]
}