{
	"_version": "1.1.0",
	"resources": [
		{
			"name": ".library",
			"size": 473
		},
		{
			"name": "components/Component-preload.js",
			"module": "library/h/components/Component-preload.js",
			"size": 361,
			"merged": true,
			"included": [
				"library/h/components/Component.js",
				"library/h/components/TodoComponent.js"
			]
		},
		{
			"name": "components/Component.js",
			"module": "library/h/components/Component.js",
			"size": 115,
			"required": [
				"sap/ui/core/UIComponent.js"
			]
		},
		{
			"name": "components/TodoComponent.js",
			"module": "library/h/components/TodoComponent.js",
			"size": 54,
			"format": "raw"
		},
		{
			"name": "components/subcomponent1/Component-preload.js",
			"module": "library/h/components/subcomponent1/Component-preload.js",
			"size": 279,
			"merged": true,
			"included": [
				"library/h/components/subcomponent1/Component.js"
			]
		},
		{
			"name": "components/subcomponent1/Component.js",
			"module": "library/h/components/subcomponent1/Component.js",
			"size": 115,
			"required": [
				"sap/ui/core/UIComponent.js"
			]
		},
		{
			"name": "components/subcomponent2/Component-preload.js",
			"module": "library/h/components/subcomponent2/Component-preload.js",
			"size": 279,
			"merged": true,
			"included": [
				"library/h/components/subcomponent2/Component.js"
			]
		},
		{
			"name": "components/subcomponent2/Component.js",
			"module": "library/h/components/subcomponent2/Component.js",
			"size": 115,
			"required": [
				"sap/ui/core/UIComponent.js"
			]
		},
		{
			"name": "components/subcomponent3/Component-preload.js",
			"module": "library/h/components/subcomponent3/Component-preload.js",
			"size": 279,
			"merged": true,
			"included": [
				"library/h/components/subcomponent3/Component.js"
			]
		},
		{
			"name": "components/subcomponent3/Component.js",
			"module": "library/h/components/subcomponent3/Component.js",
			"size": 115,
			"required": [
				"sap/ui/core/UIComponent.js"
			]
		},
		{
			"name": "customBundle.js",
			"module": "library/h/customBundle.js",
			"size": 368,
			"merged": true,
			"included": [
				"library/h/file.js",
				"library/h/library.js",
				"library/h/some.js"
			]
		},
		{
			"name": "designtime/library.designtime.js",
			"module": "library/h/designtime/library.designtime.js",
			"size": 84,
			"designtime": true
		},
		{
			"name": "designtime/messagebundle.properties",
			"module": "library/h/designtime/messagebundle.properties",
			"size": 3,
			"designtime": true,
			"locale": "",
			"raw": "designtime/messagebundle.properties"
		},
		{
			"name": "designtime/messagebundle_en.properties",
			"module": "library/h/designtime/messagebundle_en.properties",
			"size": 3,
			"designtime": true,
			"locale": "en",
			"raw": "designtime/messagebundle.properties"
		},
		{
			"name": "file.js",
			"module": "library/h/file.js",
			"size": 54,
			"format": "raw"
		},
		{
			"name": "library.js",
			"module": "library/h/library.js",
			"size": 57,
			"format": "raw"
		},
		{
			"name": "manifest.json",
			"module": "library/h/manifest.json",
			"size": 739
		},
		{
			"name": "not.js",
			"module": "library/h/not.js",
			"size": 4151,
			"format": "raw"
		},
		{
			"name": "resources.json",
			"size": 3443
		},
		{
			"name": "some.js",
			"module": "library/h/some.js",
			"size": 86,
			"requiresTopLevelScope": true,
			"exposedGlobals": [
				"myexport"
			],
			"format": "raw"
		}
	]
}