<!DOCTYPE html>
<html>
<head>
	<title>Application A</title>
	<script id="sap-ui-bootstrap" src="test.js">
	</script>
</head>
<body>

</body>
</html>