{"_mywidth":"0.25rem","_mycolor1":"#ff00ff","_mycolor2":"#ff00ff"}